<?xml version="1.0" encoding="utf-8" ?>
<result>
	<nb_uniq_visitors>1</nb_uniq_visitors>
	<nb_visits>6</nb_visits>
	<nb_actions>7</nb_actions>
	<max_actions>2</max_actions>
	<bounce_rate>83%</bounce_rate>
	<nb_actions_per_visit>1.2</nb_actions_per_visit>
	<avg_time_on_site>120</avg_time_on_site>
	<nb_visits_returning>0</nb_visits_returning>
	<nb_actions_returning>0</nb_actions_returning>
	<nb_uniq_visitors_returning>0</nb_uniq_visitors_returning>
	<bounce_rate_returning>0%</bounce_rate_returning>
	<nb_actions_per_visit_returning>0</nb_actions_per_visit_returning>
	<avg_time_on_site_returning>0</avg_time_on_site_returning>
	<nb_conversions>0</nb_conversions>
	<nb_visits_converted>0</nb_visits_converted>
	<conversion_rate>0</conversion_rate>
	<revenue>0</revenue>
	<nb_pageviews>7</nb_pageviews>
	<nb_uniq_pageviews>7</nb_uniq_pageviews>
	<nb_downloads>0</nb_downloads>
	<nb_uniq_downloads>0</nb_uniq_downloads>
	<nb_outlinks>0</nb_outlinks>
	<nb_uniq_outlinks>0</nb_uniq_outlinks>
	<nb_searches>0</nb_searches>
	<nb_keywords>0</nb_keywords>
	<avg_time_generation>0</avg_time_generation>
</result>