<?xml version="1.0" encoding="utf-8" ?>
<result>
	<row>
		<label>campaignnamedimension - no other dimension for this visit</label>
		<nb_uniq_visitors>1</nb_uniq_visitors>
		<nb_visits>1</nb_visits>
		<nb_actions>1</nb_actions>
		<max_actions>1</max_actions>
		<sum_visit_length>0</sum_visit_length>
		<bounce_count>1</bounce_count>
		<nb_visits_converted>0</nb_visits_converted>
	</row>
	<row>
		<label>default_offer - not_an_advanced_campaign_at_first</label>
		<nb_uniq_visitors>1</nb_uniq_visitors>
		<nb_visits>1</nb_visits>
		<nb_actions>1</nb_actions>
		<max_actions>1</max_actions>
		<sum_visit_length>0</sum_visit_length>
		<bounce_count>1</bounce_count>
		<nb_visits_converted>0</nb_visits_converted>
	</row>
	<row>
		<label>lenghty &quot;name&quot;...lenghty &quot;name&quot;...lenghty &quot;name&quot;...lenghty &quot;name&quot;...lenghty &quot;name&quot;...lenghty &quot;name&quot;...lenghty &quot;name&quot;...lenghty &quot;name&quot;...lenghty &quot;name&quot;...lenghty &quot;name&quot;...lenghty &quot;name&quot;...lenghty &quot;name&quot;...lenghty &quot;name&quot;...lenghty &quot;name&quot;...lenghty &quot;nam - lenghty &quot;keyword&quot;...lenghty &quot;keyword&quot;...lenghty &quot;keyword&quot;...lenghty &quot;keyword&quot;...lenghty &quot;keyword&quot;...lenghty &quot;keyword&quot;...lenghty &quot;keyword&quot;...lenghty &quot;keyword&quot;...lenghty &quot;keyword&quot;...lenghty &quot;keyword&quot;...lenghty &quot;keyword&quot;...lenghty &quot;keyword&quot;...lenghty &quot;k</label>
		<nb_uniq_visitors>1</nb_uniq_visitors>
		<nb_visits>1</nb_visits>
		<nb_actions>2</nb_actions>
		<max_actions>2</max_actions>
		<sum_visit_length>724</sum_visit_length>
		<bounce_count>0</bounce_count>
		<nb_visits_converted>1</nb_visits_converted>
	</row>
	<row>
		<label>november_offer - mot_clé_pépère - contains personalized campaigns for client</label>
		<nb_uniq_visitors>1</nb_uniq_visitors>
		<nb_visits>1</nb_visits>
		<nb_actions>2</nb_actions>
		<max_actions>2</max_actions>
		<sum_visit_length>721</sum_visit_length>
		<bounce_count>0</bounce_count>
		<nb_visits_converted>0</nb_visits_converted>
	</row>
	<row>
		<label>october_offer - mot_clé_pépère - none</label>
		<nb_uniq_visitors>1</nb_uniq_visitors>
		<nb_visits>1</nb_visits>
		<nb_actions>1</nb_actions>
		<max_actions>1</max_actions>
		<sum_visit_length>0</sum_visit_length>
		<bounce_count>1</bounce_count>
		<nb_visits_converted>0</nb_visits_converted>
	</row>
</result>